<html>
<body>
<pre>
<h1>礦ision Build Log</h1>
<h2>Tool Versions:</h2>
IDE-Version: μVision V5.14.0.0
Copyright (C) 2015 ARM Ltd and ARM Germany GmbH. All rights reserved.
License Information: --- ---, ---, LIC=3UUGK-Z4EA6-RDVK3-AM7QJ-0RQ74-BCXS7
 
Tool Versions:
Toolchain:       MDK-ARM Professional  Version: 5.14.0.0
Toolchain Path:  D:\Program Files\keil5\ARM\ARMCC\Bin
C Compiler:      Armcc.exe V5.05 update 1 (build 106)
Assembler:       Armasm.exe V5.05 update 1 (build 106)
Linker/Locator:  ArmLink.exe V5.05 update 1 (build 106)
Library Manager: ArmAr.exe V5.05 update 1 (build 106)
Hex Converter:   FromElf.exe V5.05 update 1 (build 106)
CPU DLL:         SARMCM3.DLL V5.14.0.0
Dialog DLL:      DCM.DLL V1.13.1.0
Target DLL:      Segger\JL2CM3.dll V2.99.13.0
Dialog DLL:      TCM.DLL V1.14.4.0
 
<h2>Project:</h2>
E:\单片机\stm32\dfh_4\MDK-ARM\dfh_4.uvprojx
Project File Date:  10/03/2017

<h2>Output:</h2>
Build target 'dfh_4'
compiling moto.c...
myuser\moto.c(360): warning:  #550-D: variable "swdj_1" was set but never used
        uint8_t swdj_1,swdj_2,bzjs,bzbjs_1,bzbjs_2,swjs_1,swjs_2,swjs_3,swjs_4;
myuser\moto.c(360): warning:  #550-D: variable "swdj_2" was set but never used
        uint8_t swdj_1,swdj_2,bzjs,bzbjs_1,bzbjs_2,swjs_1,swjs_2,swjs_3,swjs_4;
myuser\moto.c(360): warning:  #550-D: variable "bzjs" was set but never used
        uint8_t swdj_1,swdj_2,bzjs,bzbjs_1,bzbjs_2,swjs_1,swjs_2,swjs_3,swjs_4;
myuser\moto.c(360): warning:  #550-D: variable "bzbjs_1" was set but never used
        uint8_t swdj_1,swdj_2,bzjs,bzbjs_1,bzbjs_2,swjs_1,swjs_2,swjs_3,swjs_4;
myuser\moto.c(360): warning:  #550-D: variable "bzbjs_2" was set but never used
        uint8_t swdj_1,swdj_2,bzjs,bzbjs_1,bzbjs_2,swjs_1,swjs_2,swjs_3,swjs_4;
myuser\moto.c(360): warning:  #550-D: variable "swjs_1" was set but never used
        uint8_t swdj_1,swdj_2,bzjs,bzbjs_1,bzbjs_2,swjs_1,swjs_2,swjs_3,swjs_4;
myuser\moto.c(360): warning:  #550-D: variable "swjs_2" was set but never used
        uint8_t swdj_1,swdj_2,bzjs,bzbjs_1,bzbjs_2,swjs_1,swjs_2,swjs_3,swjs_4;
myuser\moto.c(360): warning:  #550-D: variable "swjs_3" was set but never used
        uint8_t swdj_1,swdj_2,bzjs,bzbjs_1,bzbjs_2,swjs_1,swjs_2,swjs_3,swjs_4;
myuser\moto.c(360): warning:  #550-D: variable "swjs_4" was set but never used
        uint8_t swdj_1,swdj_2,bzjs,bzbjs_1,bzbjs_2,swjs_1,swjs_2,swjs_3,swjs_4;
myuser\moto.c(370): warning:  #177-D: variable "pwm" was declared but never referenced
        uint16_t pwm[] = {500,612,746,869,1001,1168,1335,1491,1658,1825,1992,2159};
myuser\moto.c: 10 warnings, 0 errors
linking...
Program Size: Code=31320 RO-data=828 RW-data=268 ZI-data=17884  
"dfh_4\dfh_4.axf" - 0 Error(s), 10 Warning(s).

<h2>Software Packages used:</h2>

Package Vendor: ARM
                http://www.keil.com/pack/ARM.CMSIS.4.2.0.pack
                ARM::CMSIS:CORE:3.40.0
                CMSIS (Cortex Microcontroller Software Interface Standard)
   * Component: CORE Version: 3.40.0

<h2>Collection of Component include folders:</h2>
  E:\单片机\stm32\dfh_4\MDK-ARM\RTE
  D:\Program Files\keil5\ARM\PACK\ARM\CMSIS\4.2.0\CMSIS\Include
  D:\Program Files\keil5\ARM\PACK\Keil\STM32F4xx_DFP\2.11.0

<h2>Collection of Component Files used:</h2>

   * Component: ARM::CMSIS:CORE:3.40.0
      Source file:   CMSIS\UserCodeTemplates\ARM\ITM_Retarget.c
</pre>
</body>
</html>
